src/screens/company-admin/BranchDetailsScreen.tsx(43,57): error TS2339: Property 'getBranchManager' does not exist on type 'typeof BranchService'.
src/screens/company-admin/BranchDetailsScreen.tsx(137,17): error TS2353: Object literal may only specify known properties, and 'location' does not exist in type 'UpdateBranchData'.
src/screens/company-admin/BranchesScreen.tsx(63,37): error TS18047: 'supabase' is possibly 'null'.
src/screens/company-admin/InventoryScreen.tsx(25,3): error TS2305: Module '"@/types"' has no exported member 'InventoryItemWithStock'.
src/screens/company-admin/InventoryScreen.tsx(26,3): error TS2305: Module '"@/types"' has no exported member 'InventoryCategory'.
src/screens/company-admin/InventoryScreen.tsx(27,3): error TS2305: Module '"@/types"' has no exported member 'StockStatus'.
src/screens/company-admin/InventoryScreen.tsx(629,118): error TS18048: 'stockStatus' is possibly 'undefined'.
src/screens/company-admin/InventoryScreen.tsx(630,57): error TS18048: 'stockStatus' is possibly 'undefined'.
src/screens/company-admin/InventoryScreen.tsx(634,118): error TS18048: 'stockStatus' is possibly 'undefined'.
src/screens/company-admin/InventoryScreen.tsx(635,55): error TS18048: 'stockStatus' is possibly 'undefined'.
src/screens/company-admin/InvoiceDetailScreen.tsx(34,32): error TS2307: Cannot find module 'expo-linear-gradient' or its corresponding type declarations.
src/screens/company-admin/InvoiceScreen.tsx(39,32): error TS2307: Cannot find module 'expo-linear-gradient' or its corresponding type declarations.
src/screens/customer/MyJobCardsScreen.tsx(76,48): error TS2345: Argument of type '[never, never]' is not assignable to parameter of type 'never'.
src/screens/shared/CreateVehicleScreen.tsx(135,9): error TS2353: Object literal may only specify known properties, and 'notes' does not exist in type 'CreateVehicleForm'.
src/screens/supervisor/JobCardsScreen.tsx(70,48): error TS2345: Argument of type '[never, never]' is not assignable to parameter of type 'never'.
src/screens/supervisor/TasksScreen.tsx(57,48): error TS2345: Argument of type '[never, never]' is not assignable to parameter of type 'never'.
src/screens/technician-group-manager/JobCardsScreen.tsx(93,50): error TS2345: Argument of type '[never, never]' is not assignable to parameter of type 'never'.
src/screens/technician-group-manager/TasksScreen.tsx(88,50): error TS2345: Argument of type '[never, never]' is not assignable to parameter of type 'never'.
src/screens/technician/MyJobCardsScreen.tsx(57,48): error TS2345: Argument of type '[never, never]' is not assignable to parameter of type 'never'.
src/screens/technician/MyTasksScreen.tsx(59,48): error TS2345: Argument of type '[never, never]' is not assignable to parameter of type 'never'.
src/services/inventory.service.ts(7,5): error TS2305: Module '"@/types"' has no exported member 'InventoryCategory'.
src/services/inventory.service.ts(8,5): error TS2305: Module '"@/types"' has no exported member 'InventoryItem'.
src/services/inventory.service.ts(9,5): error TS2305: Module '"@/types"' has no exported member 'InventoryStock'.
src/services/inventory.service.ts(10,5): error TS2305: Module '"@/types"' has no exported member 'InventoryTransaction'.
src/services/inventory.service.ts(11,5): error TS2305: Module '"@/types"' has no exported member 'InventoryItemWithStock'.
src/services/inventory.service.ts(12,5): error TS2305: Module '"@/types"' has no exported member 'CreateInventoryItemData'.
src/services/inventory.service.ts(13,5): error TS2305: Module '"@/types"' has no exported member 'UpdateInventoryItemData'.
src/services/inventory.service.ts(14,5): error TS2305: Module '"@/types"' has no exported member 'CreateTransactionData'.
src/services/inventory.service.ts(15,5): error TS2305: Module '"@/types"' has no exported member 'InventoryValueBreakdown'.
src/services/inventory.service.ts(16,5): error TS2305: Module '"@/types"' has no exported member 'StockStatus'.
src/services/task.service.ts(17,17): error TS18047: 'supabase' is possibly 'null'.
src/services/task.service.ts(45,35): error TS18047: 'supabase' is possibly 'null'.
src/services/task.service.ts(63,35): error TS18047: 'supabase' is possibly 'null'.
src/services/task.service.ts(88,35): error TS18047: 'supabase' is possibly 'null'.
src/services/task.service.ts(110,29): error TS18047: 'supabase' is possibly 'null'.
supabase/functions/create-user-with-role/index.ts(6,23): error TS2307: Cannot find module 'https://deno.land/std@0.177.0/http/server.ts' or its corresponding type declarations.
supabase/functions/create-user-with-role/index.ts(7,30): error TS2307: Cannot find module 'https://esm.sh/@supabase/supabase-js@2.42.5' or its corresponding type declarations.
supabase/functions/create-user-with-role/index.ts(9,21): error TS2304: Cannot find name 'Deno'.
supabase/functions/create-user-with-role/index.ts(10,24): error TS2304: Cannot find name 'Deno'.
supabase/functions/create-user-with-role/index.ts(13,14): error TS7006: Parameter 'req' implicitly has an 'any' type.
supabase/functions/create-user-with-role/index.ts(87,54): error TS2339: Property 'message' does not exist on type '{}'.
